2026-05-27T09:48:30.354+05:30  WARN 8312 --- [api-catalog-service] [HikariPool-1 housekeeper] com.zaxxer.hikari.pool.HikariPool        : HikariPool-1 - Thread starvation or clock leap detected (housekeeper delta=17h5m3s79ms215µs200ns).
2026-05-27T09:48:50.317+05:30  INFO 8312 --- [api-catalog-service] [SpringApplicationShutdownHook] j.LocalContainerEntityManagerFactoryBean : Closing JPA EntityManagerFactory for persistence unit 'default'
2026-05-27T09:48:50.331+05:30  INFO 8312 --- [api-catalog-service] [SpringApplicationShutdownHook] com.zaxxer.hikari.HikariDataSource       : HikariPool-1 - Shutdown initiated...
2026-05-27T09:48:50.336+05:30  INFO 8312 --- [api-catalog-service] [SpringApplicationShutdownHook] com.zaxxer.hikari.HikariDataSource       : HikariPool-1 - Shutdown completed.
2026-05-27T10:58:06.865+05:30  INFO 7472 --- [api-catalog-service] [main] c.d.a.ApiCatalogServiceApplication       : Starting ApiCatalogServiceApplication using Java 25.0.2 with PID 7472 (C:\Users\MahalakshmiSudalaima\OneDrive - ZapCom Solutions Pvt. ltd\Desktop\project\api_catalog_service\api_catalog_service\api_catalog_service\target\classes started by MahalakshmiSudalaima in C:\Users\MahalakshmiSudalaima\OneDrive - ZapCom Solutions Pvt. ltd\Desktop\project\api_catalog_service)
2026-05-27T10:58:06.867+05:30  INFO 7472 --- [api-catalog-service] [main] c.d.a.ApiCatalogServiceApplication       : No active profile set, falling back to 1 default profile: "default"
2026-05-27T10:58:07.814+05:30  INFO 7472 --- [api-catalog-service] [main] .s.d.r.c.RepositoryConfigurationDelegate : Bootstrapping Spring Data JPA repositories in DEFAULT mode.
2026-05-27T10:58:07.875+05:30  INFO 7472 --- [api-catalog-service] [main] .s.d.r.c.RepositoryConfigurationDelegate : Finished Spring Data repository scanning in 55 ms. Found 4 JPA repository interfaces.
2026-05-27T10:58:08.073+05:30  INFO 7472 --- [api-catalog-service] [main] o.s.cloud.context.scope.GenericScope     : BeanFactory id=5208780d-63f9-3ebf-940d-2056b52370fc
2026-05-27T10:58:08.401+05:30  INFO 7472 --- [api-catalog-service] [main] o.s.b.w.embedded.tomcat.TomcatWebServer  : Tomcat initialized with port 8081 (http)
2026-05-27T10:58:08.411+05:30  INFO 7472 --- [api-catalog-service] [main] o.apache.catalina.core.StandardService   : Starting service [Tomcat]
2026-05-27T10:58:08.412+05:30  INFO 7472 --- [api-catalog-service] [main] o.apache.catalina.core.StandardEngine    : Starting Servlet engine: [Apache Tomcat/10.1.20]
2026-05-27T10:58:08.491+05:30  INFO 7472 --- [api-catalog-service] [main] o.a.c.c.C.[Tomcat].[localhost].[/]       : Initializing Spring embedded WebApplicationContext
2026-05-27T10:58:08.491+05:30  INFO 7472 --- [api-catalog-service] [main] w.s.c.ServletWebServerApplicationContext : Root WebApplicationContext: initialization completed in 1540 ms
2026-05-27T10:58:08.818+05:30  WARN 7472 --- [api-catalog-service] [main] JpaBaseConfiguration$JpaWebConfiguration : spring.jpa.open-in-view is enabled by default. Therefore, database queries may be performed during view rendering. Explicitly configure spring.jpa.open-in-view to disable this warning
2026-05-27T10:58:08.904+05:30  INFO 7472 --- [api-catalog-service] [main] o.hibernate.jpa.internal.util.LogHelper  : HHH000204: Processing PersistenceUnitInfo [name: default]
2026-05-27T10:58:08.945+05:30  INFO 7472 --- [api-catalog-service] [main] org.hibernate.Version                    : HHH000412: Hibernate ORM core version 6.4.4.Final
2026-05-27T10:58:08.982+05:30  INFO 7472 --- [api-catalog-service] [main] o.h.c.internal.RegionFactoryInitiator    : HHH000026: Second-level cache disabled
2026-05-27T10:58:09.192+05:30  INFO 7472 --- [api-catalog-service] [main] o.s.o.j.p.SpringPersistenceUnitInfo      : No LoadTimeWeaver setup: ignoring JPA class transformer
2026-05-27T10:58:09.215+05:30  INFO 7472 --- [api-catalog-service] [main] com.zaxxer.hikari.HikariDataSource       : HikariPool-1 - Starting...
2026-05-27T10:58:09.379+05:30  INFO 7472 --- [api-catalog-service] [main] com.zaxxer.hikari.pool.HikariPool        : HikariPool-1 - Added connection org.postgresql.jdbc.PgConnection@77eb607e
2026-05-27T10:58:09.381+05:30  INFO 7472 --- [api-catalog-service] [main] com.zaxxer.hikari.HikariDataSource       : HikariPool-1 - Start completed.
2026-05-27T10:58:10.524+05:30  INFO 7472 --- [api-catalog-service] [main] o.h.e.t.j.p.i.JtaPlatformInitiator       : HHH000489: No JTA platform available (set 'hibernate.transaction.jta.platform' to enable JTA platform integration)
2026-05-27T10:58:10.576+05:30  INFO 7472 --- [api-catalog-service] [main] j.LocalContainerEntityManagerFactoryBean : Initialized JPA EntityManagerFactory for persistence unit 'default'
2026-05-27T10:58:10.951+05:30  INFO 7472 --- [api-catalog-service] [main] o.s.d.j.r.query.QueryEnhancerFactory     : Hibernate is in classpath; If applicable, HQL parser will be used.
2026-05-27T10:58:11.595+05:30  WARN 7472 --- [api-catalog-service] [main] .s.s.UserDetailsServiceAutoConfiguration : 

Using generated security password: 547b5134-0172-45b5-9230-40464ce60c88

This generated password is for development use only. Your security configuration must be updated before running your application in production.

2026-05-27T10:58:11.821+05:30  INFO 7472 --- [api-catalog-service] [main] o.s.s.web.DefaultSecurityFilterChain     : Will secure any request with [org.springframework.security.web.session.DisableEncodeUrlFilter@8921749, org.springframework.security.web.context.request.async.WebAsyncManagerIntegrationFilter@56ca8151, org.springframework.security.web.context.SecurityContextHolderFilter@7d364fb5, org.springframework.security.web.header.HeaderWriterFilter@53872179, org.springframework.web.filter.CorsFilter@1b5496fd, org.springframework.security.web.authentication.logout.LogoutFilter@5163bb14, com.devapix.api_catalog_service.config.JwtFilter@1cd6b1bd, org.springframework.security.web.savedrequest.RequestCacheAwareFilter@561a4a5, org.springframework.security.web.servletapi.SecurityContextHolderAwareRequestFilter@6c8b680f, org.springframework.security.web.authentication.AnonymousAuthenticationFilter@73174f4f, org.springframework.security.web.access.ExceptionTranslationFilter@2c673dec, org.springframework.security.web.access.intercept.AuthorizationFilter@8cad98b]
2026-05-27T10:58:12.118+05:30  INFO 7472 --- [api-catalog-service] [main] o.s.b.w.embedded.tomcat.TomcatWebServer  : Tomcat started on port 8081 (http) with context path ''
2026-05-27T10:58:12.133+05:30  INFO 7472 --- [api-catalog-service] [main] c.d.a.ApiCatalogServiceApplication       : Started ApiCatalogServiceApplication in 5.804 seconds (process running for 6.257)
2026-05-27T10:59:20.062+05:30  INFO 7472 --- [api-catalog-service] [http-nio-8081-exec-1] o.a.c.c.C.[Tomcat].[localhost].[/]       : Initializing Spring DispatcherServlet 'dispatcherServlet'
2026-05-27T10:59:20.063+05:30  INFO 7472 --- [api-catalog-service] [http-nio-8081-exec-1] o.s.web.servlet.DispatcherServlet        : Initializing Servlet 'dispatcherServlet'
2026-05-27T10:59:20.070+05:30  INFO 7472 --- [api-catalog-service] [http-nio-8081-exec-1] o.s.web.servlet.DispatcherServlet        : Completed initialization in 4 ms
2026-05-27T10:59:21.598+05:30  INFO 7472 --- [api-catalog-service] [http-nio-8081-exec-8] o.springdoc.api.AbstractOpenApiResource  : Init duration for springdoc-openapi is: 971 ms
2026-05-27T12:55:31.555+05:30  WARN 7472 --- [api-catalog-service] [HikariPool-1 housekeeper] com.zaxxer.hikari.pool.HikariPool        : HikariPool-1 - Thread starvation or clock leap detected (housekeeper delta=14m50s678ms337µs).
2026-05-27T13:11:34.729+05:30  WARN 7472 --- [api-catalog-service] [HikariPool-1 housekeeper] com.zaxxer.hikari.pool.HikariPool        : HikariPool-1 - Thread starvation or clock leap detected (housekeeper delta=14m33s143ms258µs200ns).
2026-05-27T13:53:51.585+05:30  WARN 7472 --- [api-catalog-service] [HikariPool-1 housekeeper] com.zaxxer.hikari.pool.HikariPool        : HikariPool-1 - Thread starvation or clock leap detected (housekeeper delta=42m16s856ms228µs).
2026-05-27T14:20:34.427+05:30  WARN 7472 --- [api-catalog-service] [HikariPool-1 housekeeper] com.zaxxer.hikari.pool.HikariPool        : HikariPool-1 - Thread starvation or clock leap detected (housekeeper delta=2m39s669ms469µs300ns).
2026-05-27T14:30:30.022+05:30  WARN 7472 --- [api-catalog-service] [HikariPool-1 housekeeper] com.zaxxer.hikari.pool.HikariPool        : HikariPool-1 - Thread starvation or clock leap detected (housekeeper delta=1m55s580ms732µs100ns).
2026-05-27T14:41:46.362+05:30  WARN 7472 --- [api-catalog-service] [HikariPool-1 housekeeper] com.zaxxer.hikari.pool.HikariPool        : HikariPool-1 - Thread starvation or clock leap detected (housekeeper delta=8m16s329ms162µs300ns).
2026-05-27T14:46:18.045+05:30  WARN 7472 --- [api-catalog-service] [HikariPool-1 housekeeper] com.zaxxer.hikari.pool.HikariPool        : HikariPool-1 - Thread starvation or clock leap detected (housekeeper delta=1m31s675ms712µs100ns).
2026-05-27T14:52:46.968+05:30  WARN 7472 --- [api-catalog-service] [HikariPool-1 housekeeper] com.zaxxer.hikari.pool.HikariPool        : HikariPool-1 - Thread starvation or clock leap detected (housekeeper delta=1m28s907ms236µs900ns).
2026-05-27T15:14:56.372+05:30  WARN 7472 --- [api-catalog-service] [HikariPool-1 housekeeper] com.zaxxer.hikari.pool.HikariPool        : HikariPool-1 - Thread starvation or clock leap detected (housekeeper delta=13m39s386ms628µs400ns).
2026-05-27T15:22:14.708+05:30  WARN 7472 --- [api-catalog-service] [HikariPool-1 housekeeper] com.zaxxer.hikari.pool.HikariPool        : HikariPool-1 - Thread starvation or clock leap detected (housekeeper delta=2m48s325ms460µs600ns).
2026-05-27T15:47:55.997+05:30  WARN 7472 --- [api-catalog-service] [HikariPool-1 housekeeper] com.zaxxer.hikari.pool.HikariPool        : HikariPool-1 - Thread starvation or clock leap detected (housekeeper delta=4m41s118ms362µs).
2026-05-27T16:00:43.829+05:30  WARN 7472 --- [api-catalog-service] [HikariPool-1 housekeeper] com.zaxxer.hikari.pool.HikariPool        : HikariPool-1 - Thread starvation or clock leap detected (housekeeper delta=2m47s647ms60µs700ns).
2026-05-27T16:11:22.394+05:30  INFO 7472 --- [api-catalog-service] [SpringApplicationShutdownHook] j.LocalContainerEntityManagerFactoryBean : Closing JPA EntityManagerFactory for persistence unit 'default'
2026-05-27T16:11:22.397+05:30  INFO 7472 --- [api-catalog-service] [SpringApplicationShutdownHook] com.zaxxer.hikari.HikariDataSource       : HikariPool-1 - Shutdown initiated...
2026-05-27T16:11:22.403+05:30  INFO 7472 --- [api-catalog-service] [SpringApplicationShutdownHook] com.zaxxer.hikari.HikariDataSource       : HikariPool-1 - Shutdown completed.
